
$ /home/pgupta11/anaconda3/bin/python /home/pgupta11/Projects/STAT6_PPI/PPI_program_writing/R_group_mapping/advanced_problems/hosting_docking_portal/process_docking_IF_show_docking.py --input /home/pgupta11/Projects/STAT6_PPI/PPI_program_writing/R_group_mapping/advanced_problems/hosting_docking_portal/uploaded_files/20260803/c47c20c2-6fc9-4c08-93a3-8d0dcde3dc65/Wuxi_Enamine_Leo_Bicyclic_docking_pose_3D_filtered_w_ADME.sdf --interaction-csv /home/pgupta11/Projects/STAT6_PPI/PPI_program_writing/R_group_mapping/advanced_problems/hosting_docking_portal/uploaded_files/20260803/c47c20c2-6fc9-4c08-93a3-8d0dcde3dc65/Wuxi_Enamine_Leo_Bicyclic_IF.csv --interaction-id-col Title --interaction-count-col interaction_count --outdir /home/pgupta11/Projects/STAT6_PPI/PPI_program_writing/R_group_mapping/advanced_problems/hosting_docking_portal/jobs/2f7619e4-ba79-45a8-beba-d32469e30a71/workspace/report_build --file-prefix release_20260803_001 --top-per-scaffold 10 --max-scaffolds-in-report 500 --n-workers 8 --protein-pdb /home/pgupta11/Projects/STAT6_PPI/PPI_program_writing/R_group_mapping/advanced_problems/hosting_docking_portal/uploaded_files/20260803/c47c20c2-6fc9-4c08-93a3-8d0dcde3dc65/STAT6-1668418_wo_lig.pdb --auto-detect-score
[00:00.0] ✓  Run started  |  input=Wuxi_Enamine_Leo_Bicyclic_docking_pose_3D_filtered_w_ADME.sdf
[00:00.0] ✓  Prefix cleanup  |  prefix=release_20260803_001 removed_files=0
[00:00.0] ✓  Exclusion rules loaded  |  patterns=0 parse_failures=0
[00:07.6]   3.5%  SDF parse 303/2417
[00:07.9]  21.0%  SDF parse 2417/2417
[00:07.9] ✓  SDF parse complete  |  excluded=0 invalid=0 elapsed=00:07.7
[00:08.9] ✓  Interaction CSV merge complete  |  matched=2417 unmatched=0
[00:11.6]  26.5%  Scaffold summary 25/829
[00:13.7]  34.7%  Scaffold summary 400/829
[00:15.7]  42.3%  Scaffold summary 750/829
[00:16.1]  44.0%  Scaffold summary 829/829
[00:16.2] ✓  Scaffold summary complete
[00:18.3]  53.3%  Scaffold panels 5/154
[00:20.4]  55.3%  Scaffold panels 45/154
[00:22.5]  57.4%  Scaffold panels 85/154
[00:24.7]  59.5%  Scaffold panels 125/154
[00:26.0]  61.0%  Scaffold panels 154/154
[00:26.0] ✓  Scaffold panel rendering complete
[00:31.0]  65.5%  Per-scaffold CSV export started
[00:33.6]  62.8%  Per-scaffold CSV export 100/829
[00:35.7]  75.5%  Per-scaffold CSV export 800/829
[00:35.8]  76.0%  Per-scaffold CSV export 829/829
[00:36.1] ✓  Per-scaffold CSV export complete
[00:36.1] ✓  Protein cartoon PDB loaded  |  file=STAT6-1668418_wo_lig.pdb (source PDB for cartoon)
[00:39.4]  76.0%  Protein converted to MOL2 | tool=obabel file=release_20260803_001_protein_1_STAT6-1668418_wo_lig_obabel.mol2
[00:39.5] ✓  Protein structure loaded  |  file=release_20260803_001_protein_1_STAT6-1668418_wo_lig_obabel.mol2 format=mol2
Warning: MDTraj secondary structure computation failed for '/home/pgupta11/Projects/STAT6_PPI/PPI_program_writing/R_group_mapping/advanced_problems/hosting_docking_portal/jobs/2f7619e4-ba79-45a8-beba-d32469e30a71/workspace/report_build/release_20260803_001_protein_1_STAT6-1668418_wo_lig_obabel.mol2': mdtraj is not installed; install it to enable MOL2-based DSSP. Falling back to JS geometry-based SS assignment.
[00:51.7]  76.0%  Precompute interactions started | poses=823 proteins=1
[02:33.4]  76.0%  Precompute interactions 1/1 | protein=STAT6-1668418_wo_lig.pdb
[02:33.4] ✓  Precompute interactions complete  |  proteins_with_data=1
[02:34.7] ✓  Core CSV writing complete
Traceback (most recent call last):
  File "/home/pgupta11/Projects/STAT6_PPI/PPI_program_writing/R_group_mapping/advanced_problems/hosting_docking_portal/process_docking_IF_show_docking.py", line 1841, in <module>
    main()
  File "/home/pgupta11/Projects/STAT6_PPI/PPI_program_writing/R_group_mapping/advanced_problems/hosting_docking_portal/process_docking_IF_show_docking.py", line 1802, in main
    _stage_export_and_report(
  File "/home/pgupta11/Projects/STAT6_PPI/PPI_program_writing/R_group_mapping/advanced_problems/hosting_docking_portal/process_docking_IF_show_docking.py", line 1707, in _stage_export_and_report
    write_html_report(
  File "/home/pgupta11/Projects/STAT6_PPI/PPI_program_writing/R_group_mapping/advanced_problems/hosting_docking_portal/report_helpers.py", line 1124, in write_html_report
    structure_assets = ensure_structure_search_assets(outdir)
  File "/home/pgupta11/Projects/STAT6_PPI/PPI_program_writing/R_group_mapping/advanced_problems/hosting_docking_portal/report_helpers.py", line 272, in ensure_structure_search_assets
    rdkit_js_src, rdkit_wasm_src = _resolve_rdkit_asset_paths()
  File "/home/pgupta11/Projects/STAT6_PPI/PPI_program_writing/R_group_mapping/advanced_problems/hosting_docking_portal/report_helpers.py", line 189, in _resolve_rdkit_asset_paths
    raise FileNotFoundError(f"Missing structure-search asset(s): {missing}")
FileNotFoundError: Missing structure-search asset(s): ['/home/pgupta11/Projects/STAT6_PPI/PPI_program_writing/R_group_mapping/advanced_problems/hosting_docking_portal/report_assets/vendor/rdkit/RDKit_minimal.js', '/home/pgupta11/Projects/STAT6_PPI/PPI_program_writing/R_group_mapping/advanced_problems/hosting_docking_portal/report_assets/vendor/rdkit/RDKit_minimal.wasm']
